// Jest Snapshot v1, https://goo.gl/fbAQLP

exports[`User count component renders component without crashing 1`] = `ShallowWrapper {}`;
